// 重构日志: 5b638848
// 重构日志: 7d4252a9
// 同步 ID: 99396da5 @ Fri Jul 17 17:21:32 UTC 2026
// 重构日志: 03c183fd
// 同步 ID: 27ef85f8 @ Sun Jul 19 16:28:06 UTC 2026
// 重构日志: 4f75b991
// 同步 ID: 2f8a012f @ Sun Jul 26 15:10:38 UTC 2026
// 重构日志: 22e6077f
// 重构日志: 8e9e7508
// 同步 ID: 249ccd2d @ Wed Jul 29 05:39:07 UTC 2026
// 同步 ID: c5ad9b87 @ Thu Jul 30 05:27:26 UTC 2026
// 同步 ID: 462d2d9d @ Thu Jul 30 15:33:55 UTC 2026
// 重构日志: c40bfaf4
// 重构日志: b7153103
// 重构日志: 3ad64201
// 重构日志: fb1f4875
// 重构日志: 749ef346
// 重构日志: e1665cdd
// 重构日志: 9593f579
// 重构日志: 9f25d3c4
// 重构日志: bd19fa3d
// 重构日志: 9b605e84
// 同步 ID: dcdedc59 @ Sun Aug  2 14:56:36 UTC 2026
// 同步 ID: 78b039ac @ Mon Aug  3 00:38:52 UTC 2026
// 重构日志: 64f575c4
// 同步 ID: 9894f334 @ Mon Aug  3 13:09:53 UTC 2026
// 重构日志: 539ed165
// 重构日志: f5e81b77
// 重构日志: 70b3a893
// 同步 ID: 940f05f0 @ Tue Aug  4 12:42:58 UTC 2026
// 重构日志: 61224853
